%!Adobe-FontList 1.13
%Locale:0x409

%BeginFont
Handler:DirectoryHandler
FontType:TrueType
FontName:Aller-Bold
FamilyName:Aller
StyleName:Bold
FullName:Aller Bold
MenuName:Aller
StyleBits:2
WritingScript:Roman
OutlineFileName:C:\Users\Owner\Desktop\portfolio\Font\Aller_Bd.ttf
DataFormat:sfntData
FileLength:128368
FileModTime:1415085949
WeightClass:700
WidthClass:5
AngleClass:0
%EndFont

%BeginFont
Handler:DirectoryHandler
FontType:TrueType
FontName:Aller
FamilyName:Aller
StyleName:Regular
FullName:Aller
MenuName:Aller
StyleBits:0
WritingScript:Roman
OutlineFileName:C:\Users\Owner\Desktop\portfolio\Font\Aller_Rg.ttf
DataFormat:sfntData
FileLength:134436
FileModTime:1415085949
WeightClass:400
WidthClass:5
AngleClass:0
%EndFont

%BeginFont
Handler:DirectoryHandler
FontType:TrueType
FontName:Lato-Bold
FamilyName:Lato
StyleName:Bold
FullName:Lato Bold
MenuName:Lato
StyleBits:2
WritingScript:Roman
OutlineFileName:C:\Users\Owner\Desktop\portfolio\Font\Lato-Bold.ttf
DataFormat:sfntData
FileLength:683116
WeightClass:700
WidthClass:5
AngleClass:0
%EndFont

%BeginFont
Handler:DirectoryHandler
FontType:TrueType
FontName:Lato-Regular
FamilyName:Lato
StyleName:Regular
FullName:Lato Regular
MenuName:Lato
StyleBits:0
WritingScript:Roman
OutlineFileName:C:\Users\Owner\Desktop\portfolio\Font\Lato-Regular.ttf
DataFormat:sfntData
FileLength:661592
WeightClass:400
WidthClass:5
AngleClass:0
%EndFont

%BeginFont
Handler:DirectoryHandler
FontType:TrueType
FontName:Ubuntu-Bold
FamilyName:Ubuntu
StyleName:Bold
FullName:Ubuntu Bold
MenuName:Ubuntu
StyleBits:2
WritingScript:Roman
OutlineFileName:C:\Users\Owner\Desktop\portfolio\Font\Ubuntu-Bold.ttf
DataFormat:sfntData
FileLength:333616
FileModTime:1404156766
WeightClass:700
WidthClass:5
AngleClass:0
%EndFont

%BeginFont
Handler:DirectoryHandler
FontType:TrueType
FontName:Ubuntu
FamilyName:Ubuntu
StyleName:Regular
FullName:Ubuntu
MenuName:Ubuntu
StyleBits:0
WritingScript:Roman
OutlineFileName:C:\Users\Owner\Desktop\portfolio\Font\Ubuntu-Regular.ttf
DataFormat:sfntData
FileLength:353824
FileModTime:1404156764
WeightClass:400
WidthClass:5
AngleClass:0
%EndFont

